#-----------------------------------------------------------
# Vivado v2017.4 (64-bit)
# SW Build 2086221 on Fri Dec 15 20:55:39 MST 2017
# IP Build 2085800 on Fri Dec 15 22:25:07 MST 2017
# Start of session at: Thu Dec  7 21:18:39 2023
# Process ID: 24532
# Current directory: C:/Users/Lenovo/Desktop/Digital Logic Project/vivado_HDL
# Command line: vivado.exe -gui_launcher_event rodinguilauncherevent29664 C:\Users\Lenovo\Desktop\Digital Logic Project\vivado_HDL\GenshinKitchen.xpr
# Log file: C:/Users/Lenovo/Desktop/Digital Logic Project/vivado_HDL/vivado.log
# Journal file: C:/Users/Lenovo/Desktop/Digital Logic Project/vivado_HDL\vivado.jou
#-----------------------------------------------------------
start_gui
open_project {C:/Users/Lenovo/Desktop/Digital Logic Project/vivado_HDL/GenshinKitchen.xpr}
reset_run synth_1
launch_runs synth_1 -jobs 16
wait_on_run synth_1
add_files {{C:/Users/Lenovo/Desktop/Digital Logic Project/vivado_HDL/source/Action_script.v} {C:/Users/Lenovo/Desktop/Digital Logic Project/vivado_HDL/source/ScriptMem.v} {C:/Users/Lenovo/Desktop/Digital Logic Project/vivado_HDL/source/TravelerOperateMachine.v} {C:/Users/Lenovo/Desktop/Digital Logic Project/vivado_HDL/source/DemoTop.v} {C:/Users/Lenovo/Desktop/Digital Logic Project/vivado_HDL/source/AnalyseScript.v} {C:/Users/Lenovo/Desktop/Digital Logic Project/vivado_HDL/source/SendData.v} {C:/Users/Lenovo/Desktop/Digital Logic Project/vivado_HDL/source/GameStateChange.v} {C:/Users/Lenovo/Desktop/Digital Logic Project/vivado_HDL/source/VerifyOperateData.v} {C:/Users/Lenovo/Desktop/Digital Logic Project/vivado_HDL/source/ReceiveUnScriptData.v} {C:/Users/Lenovo/Desktop/Digital Logic Project/vivado_HDL/source/TravelerTargetMachine.v} {C:/Users/Lenovo/Desktop/Digital Logic Project/vivado_HDL/source/DivideClock.v} {C:/Users/Lenovo/Desktop/Digital Logic Project/vivado_HDL/source/UART.v}}
reset_run synth_1
launch_runs synth_1 -jobs 16
wait_on_run synth_1
reset_run synth_1
launch_runs synth_1 -jobs 16
wait_on_run synth_1
reset_run synth_1
launch_runs synth_1 -jobs 16
wait_on_run synth_1
reset_run synth_1
launch_runs synth_1 -jobs 16
wait_on_run synth_1
launch_runs impl_1 -jobs 16
wait_on_run impl_1
reset_run synth_1
launch_runs synth_1 -jobs 16
wait_on_run synth_1
reset_run synth_1
launch_runs synth_1 -jobs 16
wait_on_run synth_1
reset_run synth_1
launch_runs synth_1 -jobs 16
wait_on_run synth_1
reset_run synth_1
launch_runs synth_1 -jobs 16
wait_on_run synth_1
reset_run synth_1
launch_runs synth_1 -jobs 16
wait_on_run synth_1
reset_run synth_1
launch_runs synth_1 -jobs 16
wait_on_run synth_1
reset_run synth_1
launch_runs synth_1 -jobs 16
wait_on_run synth_1
reset_run synth_1
launch_runs synth_1 -jobs 16
wait_on_run synth_1
reset_run synth_1
launch_runs synth_1 -jobs 16
wait_on_run synth_1
reset_run synth_1
launch_runs synth_1 -jobs 16
wait_on_run synth_1
reset_run synth_1
launch_runs synth_1 -jobs 16
wait_on_run synth_1
reset_run synth_1
launch_runs synth_1 -jobs 16
wait_on_run synth_1
reset_run synth_1
launch_runs synth_1 -jobs 16
wait_on_run synth_1
reset_run synth_1
launch_runs synth_1 -jobs 16
wait_on_run synth_1
reset_run synth_1
launch_runs synth_1 -jobs 16
wait_on_run synth_1
reset_run synth_1
launch_runs synth_1 -jobs 16
wait_on_run synth_1
reset_run synth_1
launch_runs synth_1 -jobs 16
wait_on_run synth_1
reset_run synth_1
launch_runs synth_1 -jobs 16
wait_on_run synth_1
reset_run synth_1
launch_runs impl_1 -jobs 16
wait_on_run impl_1
reset_run synth_1
launch_runs synth_1 -jobs 16
wait_on_run synth_1
reset_run synth_1
launch_runs synth_1 -jobs 16
wait_on_run synth_1
launch_runs impl_1 -jobs 16
wait_on_run impl_1
