Copyright 1986-2017 Xilinx, Inc. All Rights Reserved.
------------------------------------------------------------------------------------
| Tool Version : Vivado v.2017.4 (win64) Build 2086221 Fri Dec 15 20:55:39 MST 2017
| Date         : Mon Jan  1 19:45:01 2024
| Host         : DESKTOP-ONGO7GJ running 64-bit major release  (build 9200)
| Command      : report_control_sets -verbose -file DemoTop_control_sets_placed.rpt
| Design       : DemoTop
| Device       : xc7a35t
------------------------------------------------------------------------------------

Control Set Information

Table of Contents
-----------------
1. Summary
2. Flip-Flop Distribution
3. Detailed Control Set Information

1. Summary
----------

+----------------------------------------------------------+-------+
|                          Status                          | Count |
+----------------------------------------------------------+-------+
| Number of unique control sets                            |   296 |
| Unused register locations in slices containing registers |   122 |
+----------------------------------------------------------+-------+


2. Flip-Flop Distribution
-------------------------

+--------------+-----------------------+------------------------+-----------------+--------------+
| Clock Enable | Synchronous Set/Reset | Asynchronous Set/Reset | Total Registers | Total Slices |
+--------------+-----------------------+------------------------+-----------------+--------------+
| No           | No                    | No                     |             119 |           52 |
| No           | No                    | Yes                    |              37 |           10 |
| No           | Yes                   | No                     |             144 |           38 |
| Yes          | No                    | No                     |            2126 |          832 |
| Yes          | No                    | Yes                    |              37 |           13 |
| Yes          | Yes                   | No                     |              15 |            2 |
+--------------+-----------------------+------------------------+-----------------+--------------+


3. Detailed Control Set Information
-----------------------------------

+---------------------------------+---------------------------------------+-----------------------------------+------------------+----------------+
|           Clock Signal          |             Enable Signal             |          Set/Reset Signal         | Slice Load Count | Bel Load Count |
+---------------------------------+---------------------------------------+-----------------------------------+------------------+----------------+
|  AS/jump/signal0_out            |                                       |                                   |                1 |              1 |
|  AS/jump/mode1_out              |                                       |                                   |                1 |              1 |
|  AS/en_jump_debug__0            |                                       |                                   |                1 |              1 |
|  btn_output_reg_i_2_n_0         | AS/db_rst/btn_output_i_1_n_0          |                                   |                1 |              1 |
|  uart_clk_16_BUFG               |                                       | AS/db_rst/rst                     |                1 |              1 |
|  clk_IBUF_BUFG                  |                                       |                                   |                1 |              2 |
|  AS/led_OBUF[0]                 |                                       |                                   |                3 |              3 |
|  uart_clk_16_BUFG               |                                       | uart_module/rx/spacing            |                1 |              4 |
|  sd/next_state_reg[2]           |                                       |                                   |                2 |              4 |
|  uart_clk_16_BUFG               | uart_module/rx/state[3]_i_1__0_n_0    |                                   |                1 |              4 |
|  uart_clk_16_BUFG               | tom/data_operate[6]_i_1_n_0           |                                   |                2 |              5 |
|  ttm/data_target_reg[6]_i_2_n_0 |                                       |                                   |                2 |              5 |
|  uart_clk_16_BUFG               | tom/clear                             |                                   |                2 |              5 |
|  uart_clk_16_BUFG               | AS/act/control_data[6]_i_1_n_0        | AS/db_step/next_step              |                3 |              5 |
|  uart_clk_16_BUFG               | AS/aact/op_data[6]_i_1_n_0            |                                   |                1 |              5 |
|  uart_clk_16_BUFG               | AS/aact/target_machine[6]_i_1__0_n_0  |                                   |                1 |              5 |
|  uart_clk_16_BUFG               |                                       | AS/db_step/next_step              |                1 |              5 |
|  uart_clk_16_BUFG               | ttm/prev_select_switch[4]_i_1_n_0     |                                   |                1 |              5 |
|  btn_output_reg_i_2_n_0         |                                       |                                   |                2 |              6 |
|  btn_output_reg_i_2_n_0         |                                       | AS/ags/waitDone_reg               |                2 |              6 |
|  uart_clk_16_BUFG               | script_mem_module/E[0]                | AS/aj/jump_num[6]_i_1_n_0         |                1 |              7 |
|  AS/jump/next_pc_reg[7]_i_2_n_0 |                                       |                                   |                5 |              8 |
|  uart_clk_16_BUFG               | script_mem_module/mem[99][7]_i_1_n_0  |                                   |                3 |              8 |
|  uart_clk_16_BUFG               | script_mem_module/mem[9][7]_i_1_n_0   |                                   |                3 |              8 |
|  uart_clk_16_BUFG               | uart_module/rx/tick                   |                                   |                2 |              8 |
|  uart_clk_16_BUFG               | uart_module/script_cnt                |                                   |                3 |              8 |
|  uart_clk_16_BUFG               | uart_module/script_size_reg[7]        |                                   |                4 |              8 |
|  uart_clk_16_BUFG               | uart_module/dataOut_valid             | uart_module/sig_hand_reg          |                1 |              8 |
|  uart_clk_16_BUFG               | AS/db_step/E[0]                       | AS/db_rst/rst                     |                4 |              8 |
|  uart_clk_16_BUFG               | AS/delay/E[0]                         | AS/db_rst/rst                     |                2 |              8 |
|  uart_clk_16_BUFG               | script_mem_module/mem[104][7]_i_1_n_0 |                                   |                2 |              8 |
|  uart_clk_16_BUFG               | script_mem_module/mem[101][7]_i_1_n_0 |                                   |                1 |              8 |
|  uart_clk_16_BUFG               | script_mem_module/mem[102][7]_i_1_n_0 |                                   |                2 |              8 |
|  uart_clk_16_BUFG               | script_mem_module/mem[103][7]_i_1_n_0 |                                   |                2 |              8 |
|  uart_clk_16_BUFG               | script_mem_module/mem[105][7]_i_1_n_0 |                                   |                2 |              8 |
|  uart_clk_16_BUFG               | script_mem_module/mem[106][7]_i_1_n_0 |                                   |                2 |              8 |
|  uart_clk_16_BUFG               | script_mem_module/mem[107][7]_i_1_n_0 |                                   |                2 |              8 |
|  uart_clk_16_BUFG               | script_mem_module/mem[108][7]_i_1_n_0 |                                   |                1 |              8 |
|  uart_clk_16_BUFG               | script_mem_module/mem[0][7]_i_1_n_0   |                                   |                2 |              8 |
|  uart_clk_16_BUFG               | script_mem_module/mem[109][7]_i_1_n_0 |                                   |                4 |              8 |
|  uart_clk_16_BUFG               | script_mem_module/mem[100][7]_i_1_n_0 |                                   |                2 |              8 |
|  uart_clk_16_BUFG               | script_mem_module/mem[10][7]_i_1_n_0  |                                   |                1 |              8 |
|  uart_clk_16_BUFG               | script_mem_module/mem[14][7]_i_1_n_0  |                                   |                1 |              8 |
|  uart_clk_16_BUFG               | script_mem_module/mem[151][7]_i_1_n_0 |                                   |                2 |              8 |
|  uart_clk_16_BUFG               | script_mem_module/mem[138][7]_i_1_n_0 |                                   |                7 |              8 |
|  uart_clk_16_BUFG               | script_mem_module/mem[152][7]_i_1_n_0 |                                   |                1 |              8 |
|  uart_clk_16_BUFG               | script_mem_module/mem[154][7]_i_1_n_0 |                                   |                2 |              8 |
|  uart_clk_16_BUFG               | script_mem_module/mem[128][7]_i_1_n_0 |                                   |                2 |              8 |
|  uart_clk_16_BUFG               | script_mem_module/mem[116][7]_i_1_n_0 |                                   |                4 |              8 |
|  uart_clk_16_BUFG               | script_mem_module/mem[118][7]_i_1_n_0 |                                   |                5 |              8 |
|  uart_clk_16_BUFG               | script_mem_module/mem[129][7]_i_1_n_0 |                                   |                3 |              8 |
|  uart_clk_16_BUFG               | script_mem_module/mem[112][7]_i_1_n_0 |                                   |                8 |              8 |
|  uart_clk_16_BUFG               | script_mem_module/mem[131][7]_i_1_n_0 |                                   |                7 |              8 |
|  uart_clk_16_BUFG               | script_mem_module/mem[132][7]_i_1_n_0 |                                   |                3 |              8 |
|  uart_clk_16_BUFG               | script_mem_module/mem[139][7]_i_1_n_0 |                                   |                5 |              8 |
|  uart_clk_16_BUFG               | script_mem_module/mem[115][7]_i_1_n_0 |                                   |                6 |              8 |
|  uart_clk_16_BUFG               | script_mem_module/mem[11][7]_i_1_n_0  |                                   |                1 |              8 |
|  uart_clk_16_BUFG               | script_mem_module/mem[120][7]_i_1_n_0 |                                   |                4 |              8 |
|  uart_clk_16_BUFG               | script_mem_module/mem[127][7]_i_1_n_0 |                                   |                4 |              8 |
|  uart_clk_16_BUFG               | script_mem_module/mem[130][7]_i_1_n_0 |                                   |                5 |              8 |
|  uart_clk_16_BUFG               | script_mem_module/mem[140][7]_i_1_n_0 |                                   |                6 |              8 |
|  uart_clk_16_BUFG               | script_mem_module/mem[141][7]_i_1_n_0 |                                   |                4 |              8 |
|  uart_clk_16_BUFG               | script_mem_module/mem[136][7]_i_1_n_0 |                                   |                3 |              8 |
|  uart_clk_16_BUFG               | script_mem_module/mem[145][7]_i_1_n_0 |                                   |                1 |              8 |
|  uart_clk_16_BUFG               | script_mem_module/mem[119][7]_i_1_n_0 |                                   |                5 |              8 |
|  uart_clk_16_BUFG               | script_mem_module/mem[122][7]_i_1_n_0 |                                   |                4 |              8 |
|  uart_clk_16_BUFG               | script_mem_module/mem[147][7]_i_1_n_0 |                                   |                2 |              8 |
|  uart_clk_16_BUFG               | script_mem_module/mem[126][7]_i_1_n_0 |                                   |                5 |              8 |
|  uart_clk_16_BUFG               | script_mem_module/mem[121][7]_i_1_n_0 |                                   |                5 |              8 |
|  uart_clk_16_BUFG               | script_mem_module/mem[135][7]_i_1_n_0 |                                   |                5 |              8 |
|  uart_clk_16_BUFG               | script_mem_module/mem[149][7]_i_1_n_0 |                                   |                1 |              8 |
|  uart_clk_16_BUFG               | script_mem_module/mem[111][7]_i_1_n_0 |                                   |                3 |              8 |
|  uart_clk_16_BUFG               | script_mem_module/mem[123][7]_i_1_n_0 |                                   |                6 |              8 |
|  uart_clk_16_BUFG               | script_mem_module/mem[125][7]_i_1_n_0 |                                   |                4 |              8 |
|  uart_clk_16_BUFG               | script_mem_module/mem[113][7]_i_1_n_0 |                                   |                5 |              8 |
|  uart_clk_16_BUFG               | script_mem_module/mem[142][7]_i_1_n_0 |                                   |                4 |              8 |
|  uart_clk_16_BUFG               | script_mem_module/mem[148][7]_i_1_n_0 |                                   |                6 |              8 |
|  uart_clk_16_BUFG               | script_mem_module/mem[124][7]_i_1_n_0 |                                   |                3 |              8 |
|  uart_clk_16_BUFG               | script_mem_module/mem[110][7]_i_1_n_0 |                                   |                2 |              8 |
|  uart_clk_16_BUFG               | script_mem_module/mem[134][7]_i_1_n_0 |                                   |                2 |              8 |
|  uart_clk_16_BUFG               | script_mem_module/mem[143][7]_i_1_n_0 |                                   |                4 |              8 |
|  uart_clk_16_BUFG               | script_mem_module/mem[144][7]_i_1_n_0 |                                   |                8 |              8 |
|  uart_clk_16_BUFG               | script_mem_module/mem[153][7]_i_1_n_0 |                                   |                2 |              8 |
|  uart_clk_16_BUFG               | script_mem_module/mem[146][7]_i_1_n_0 |                                   |                4 |              8 |
|  uart_clk_16_BUFG               | script_mem_module/mem[117][7]_i_1_n_0 |                                   |                3 |              8 |
|  uart_clk_16_BUFG               | script_mem_module/mem[12][7]_i_1_n_0  |                                   |                1 |              8 |
|  uart_clk_16_BUFG               | script_mem_module/mem[137][7]_i_1_n_0 |                                   |                2 |              8 |
|  uart_clk_16_BUFG               | script_mem_module/mem[133][7]_i_1_n_0 |                                   |                2 |              8 |
|  uart_clk_16_BUFG               | script_mem_module/mem[150][7]_i_1_n_0 |                                   |                2 |              8 |
|  uart_clk_16_BUFG               | script_mem_module/mem[13][7]_i_1_n_0  |                                   |                2 |              8 |
|  uart_clk_16_BUFG               | script_mem_module/mem[114][7]_i_1_n_0 |                                   |                4 |              8 |
|  uart_clk_16_BUFG               | script_mem_module/mem[160][7]_i_1_n_0 |                                   |                8 |              8 |
|  uart_clk_16_BUFG               | script_mem_module/mem[183][7]_i_1_n_0 |                                   |                2 |              8 |
|  uart_clk_16_BUFG               | script_mem_module/mem[191][7]_i_1_n_0 |                                   |                4 |              8 |
|  uart_clk_16_BUFG               | script_mem_module/mem[194][7]_i_1_n_0 |                                   |                1 |              8 |
|  uart_clk_16_BUFG               | script_mem_module/mem[162][7]_i_1_n_0 |                                   |                2 |              8 |
|  uart_clk_16_BUFG               | script_mem_module/mem[17][7]_i_1_n_0  |                                   |                4 |              8 |
|  uart_clk_16_BUFG               | script_mem_module/mem[170][7]_i_1_n_0 |                                   |                2 |              8 |
|  uart_clk_16_BUFG               | script_mem_module/mem[163][7]_i_1_n_0 |                                   |                6 |              8 |
|  uart_clk_16_BUFG               | script_mem_module/mem[192][7]_i_1_n_0 |                                   |                8 |              8 |
|  uart_clk_16_BUFG               | script_mem_module/mem[195][7]_i_1_n_0 |                                   |                2 |              8 |
|  uart_clk_16_BUFG               | script_mem_module/mem[182][7]_i_1_n_0 |                                   |                3 |              8 |
|  uart_clk_16_BUFG               | script_mem_module/mem[16][7]_i_1_n_0  |                                   |                6 |              8 |
|  uart_clk_16_BUFG               | script_mem_module/mem[188][7]_i_1_n_0 |                                   |                3 |              8 |
|  uart_clk_16_BUFG               | script_mem_module/mem[178][7]_i_1_n_0 |                                   |                3 |              8 |
|  uart_clk_16_BUFG               | script_mem_module/mem[179][7]_i_1_n_0 |                                   |                1 |              8 |
|  uart_clk_16_BUFG               | script_mem_module/mem[186][7]_i_1_n_0 |                                   |                3 |              8 |
|  uart_clk_16_BUFG               | script_mem_module/mem[173][7]_i_1_n_0 |                                   |                2 |              8 |
|  uart_clk_16_BUFG               | script_mem_module/mem[187][7]_i_1_n_0 |                                   |                1 |              8 |
|  uart_clk_16_BUFG               | script_mem_module/mem[167][7]_i_1_n_0 |                                   |                3 |              8 |
|  uart_clk_16_BUFG               | script_mem_module/mem[164][7]_i_1_n_0 |                                   |                5 |              8 |
|  uart_clk_16_BUFG               | script_mem_module/mem[189][7]_i_1_n_0 |                                   |                4 |              8 |
|  uart_clk_16_BUFG               | script_mem_module/mem[156][7]_i_1_n_0 |                                   |                2 |              8 |
|  uart_clk_16_BUFG               | script_mem_module/mem[181][7]_i_1_n_0 |                                   |                3 |              8 |
|  uart_clk_16_BUFG               | script_mem_module/mem[174][7]_i_1_n_0 |                                   |                3 |              8 |
|  uart_clk_16_BUFG               | script_mem_module/mem[193][7]_i_1_n_0 |                                   |                1 |              8 |
|  uart_clk_16_BUFG               | script_mem_module/mem[165][7]_i_1_n_0 |                                   |                2 |              8 |
|  uart_clk_16_BUFG               | script_mem_module/mem[18][7]_i_1_n_0  |                                   |                2 |              8 |
|  uart_clk_16_BUFG               | script_mem_module/mem[190][7]_i_1_n_0 |                                   |                4 |              8 |
|  uart_clk_16_BUFG               | script_mem_module/mem[196][7]_i_1_n_0 |                                   |                1 |              8 |
|  uart_clk_16_BUFG               | script_mem_module/mem[155][7]_i_1_n_0 |                                   |                3 |              8 |
|  uart_clk_16_BUFG               | script_mem_module/mem[168][7]_i_1_n_0 |                                   |                2 |              8 |
|  uart_clk_16_BUFG               | script_mem_module/mem[176][7]_i_1_n_0 |                                   |                1 |              8 |
|  uart_clk_16_BUFG               | script_mem_module/mem[184][7]_i_1_n_0 |                                   |                2 |              8 |
|  uart_clk_16_BUFG               | script_mem_module/mem[166][7]_i_1_n_0 |                                   |                3 |              8 |
|  uart_clk_16_BUFG               | script_mem_module/mem[158][7]_i_1_n_0 |                                   |                2 |              8 |
|  uart_clk_16_BUFG               | script_mem_module/mem[15][7]_i_1_n_0  |                                   |                2 |              8 |
|  uart_clk_16_BUFG               | script_mem_module/mem[172][7]_i_1_n_0 |                                   |                3 |              8 |
|  uart_clk_16_BUFG               | script_mem_module/mem[177][7]_i_1_n_0 |                                   |                3 |              8 |
|  uart_clk_16_BUFG               | script_mem_module/mem[180][7]_i_1_n_0 |                                   |                3 |              8 |
|  uart_clk_16_BUFG               | script_mem_module/mem[197][7]_i_1_n_0 |                                   |                8 |              8 |
|  uart_clk_16_BUFG               | script_mem_module/mem[161][7]_i_1_n_0 |                                   |                5 |              8 |
|  uart_clk_16_BUFG               | script_mem_module/mem[198][7]_i_1_n_0 |                                   |                7 |              8 |
|  uart_clk_16_BUFG               | script_mem_module/mem[185][7]_i_1_n_0 |                                   |                3 |              8 |
|  uart_clk_16_BUFG               | script_mem_module/mem[169][7]_i_1_n_0 |                                   |                2 |              8 |
|  uart_clk_16_BUFG               | script_mem_module/mem[175][7]_i_1_n_0 |                                   |                3 |              8 |
|  uart_clk_16_BUFG               | script_mem_module/mem[159][7]_i_1_n_0 |                                   |                5 |              8 |
|  uart_clk_16_BUFG               | script_mem_module/mem[171][7]_i_1_n_0 |                                   |                2 |              8 |
|  uart_clk_16_BUFG               | script_mem_module/mem[157][7]_i_1_n_0 |                                   |                1 |              8 |
|  uart_clk_16_BUFG               | script_mem_module/mem[207][7]_i_1_n_0 |                                   |                1 |              8 |
|  uart_clk_16_BUFG               | script_mem_module/mem[19][7]_i_1_n_0  |                                   |                5 |              8 |
|  uart_clk_16_BUFG               | script_mem_module/mem[225][7]_i_1_n_0 |                                   |                2 |              8 |
|  uart_clk_16_BUFG               | script_mem_module/mem[240][7]_i_1_n_0 |                                   |                3 |              8 |
|  uart_clk_16_BUFG               | script_mem_module/mem[200][7]_i_1_n_0 |                                   |                2 |              8 |
|  uart_clk_16_BUFG               | script_mem_module/mem[204][7]_i_1_n_0 |                                   |                6 |              8 |
|  uart_clk_16_BUFG               | script_mem_module/mem[206][7]_i_1_n_0 |                                   |                1 |              8 |
|  uart_clk_16_BUFG               | script_mem_module/mem[219][7]_i_1_n_0 |                                   |                1 |              8 |
|  uart_clk_16_BUFG               | script_mem_module/mem[218][7]_i_1_n_0 |                                   |                2 |              8 |
|  uart_clk_16_BUFG               | script_mem_module/mem[214][7]_i_1_n_0 |                                   |                1 |              8 |
|  uart_clk_16_BUFG               | script_mem_module/mem[213][7]_i_1_n_0 |                                   |                4 |              8 |
|  uart_clk_16_BUFG               | script_mem_module/mem[227][7]_i_1_n_0 |                                   |                3 |              8 |
|  uart_clk_16_BUFG               | script_mem_module/mem[228][7]_i_1_n_0 |                                   |                3 |              8 |
|  uart_clk_16_BUFG               | script_mem_module/mem[237][7]_i_1_n_0 |                                   |                2 |              8 |
|  uart_clk_16_BUFG               | script_mem_module/mem[199][7]_i_1_n_0 |                                   |                3 |              8 |
|  uart_clk_16_BUFG               | script_mem_module/mem[233][7]_i_1_n_0 |                                   |                2 |              8 |
|  uart_clk_16_BUFG               | script_mem_module/mem[216][7]_i_1_n_0 |                                   |                1 |              8 |
|  uart_clk_16_BUFG               | script_mem_module/mem[1][7]_i_1_n_0   |                                   |                8 |              8 |
|  uart_clk_16_BUFG               | script_mem_module/mem[230][7]_i_1_n_0 |                                   |                1 |              8 |
|  uart_clk_16_BUFG               | script_mem_module/mem[231][7]_i_1_n_0 |                                   |                4 |              8 |
|  uart_clk_16_BUFG               | script_mem_module/mem[209][7]_i_1_n_0 |                                   |                1 |              8 |
|  uart_clk_16_BUFG               | script_mem_module/mem[235][7]_i_1_n_0 |                                   |                1 |              8 |
|  uart_clk_16_BUFG               | script_mem_module/mem[203][7]_i_1_n_0 |                                   |                8 |              8 |
|  uart_clk_16_BUFG               | script_mem_module/mem[20][7]_i_1_n_0  |                                   |                3 |              8 |
|  uart_clk_16_BUFG               | script_mem_module/mem[201][7]_i_1_n_0 |                                   |                2 |              8 |
|  uart_clk_16_BUFG               | script_mem_module/mem[229][7]_i_1_n_0 |                                   |                1 |              8 |
|  uart_clk_16_BUFG               | script_mem_module/mem[224][7]_i_1_n_0 |                                   |                3 |              8 |
|  uart_clk_16_BUFG               | script_mem_module/mem[22][7]_i_1_n_0  |                                   |                4 |              8 |
|  uart_clk_16_BUFG               | script_mem_module/mem[236][7]_i_1_n_0 |                                   |                2 |              8 |
|  uart_clk_16_BUFG               | script_mem_module/mem[21][7]_i_1_n_0  |                                   |                5 |              8 |
|  uart_clk_16_BUFG               | script_mem_module/mem[208][7]_i_1_n_0 |                                   |                2 |              8 |
|  uart_clk_16_BUFG               | script_mem_module/mem[210][7]_i_1_n_0 |                                   |                4 |              8 |
|  uart_clk_16_BUFG               | script_mem_module/mem[211][7]_i_1_n_0 |                                   |                3 |              8 |
|  uart_clk_16_BUFG               | script_mem_module/mem[221][7]_i_1_n_0 |                                   |                2 |              8 |
|  uart_clk_16_BUFG               | script_mem_module/mem[23][7]_i_1_n_0  |                                   |                5 |              8 |
|  uart_clk_16_BUFG               | script_mem_module/mem[212][7]_i_1_n_0 |                                   |                1 |              8 |
|  uart_clk_16_BUFG               | script_mem_module/mem[238][7]_i_1_n_0 |                                   |                2 |              8 |
|  uart_clk_16_BUFG               | script_mem_module/mem[241][7]_i_1_n_0 |                                   |                4 |              8 |
|  uart_clk_16_BUFG               | script_mem_module/mem[232][7]_i_1_n_0 |                                   |                1 |              8 |
|  uart_clk_16_BUFG               | script_mem_module/mem[202][7]_i_1_n_0 |                                   |                2 |              8 |
|  uart_clk_16_BUFG               | script_mem_module/mem[222][7]_i_1_n_0 |                                   |                3 |              8 |
|  uart_clk_16_BUFG               | script_mem_module/mem[220][7]_i_1_n_0 |                                   |                2 |              8 |
|  uart_clk_16_BUFG               | script_mem_module/mem[234][7]_i_1_n_0 |                                   |                2 |              8 |
|  uart_clk_16_BUFG               | script_mem_module/mem[239][7]_i_1_n_0 |                                   |                2 |              8 |
|  uart_clk_16_BUFG               | script_mem_module/mem[226][7]_i_1_n_0 |                                   |                2 |              8 |
|  uart_clk_16_BUFG               | script_mem_module/mem[205][7]_i_1_n_0 |                                   |                1 |              8 |
|  uart_clk_16_BUFG               | script_mem_module/mem[215][7]_i_1_n_0 |                                   |                3 |              8 |
|  uart_clk_16_BUFG               | script_mem_module/mem[242][7]_i_1_n_0 |                                   |                5 |              8 |
|  uart_clk_16_BUFG               | script_mem_module/mem[243][7]_i_1_n_0 |                                   |                1 |              8 |
|  uart_clk_16_BUFG               | script_mem_module/mem[223][7]_i_1_n_0 |                                   |                4 |              8 |
|  uart_clk_16_BUFG               | script_mem_module/mem[217][7]_i_1_n_0 |                                   |                2 |              8 |
|  uart_clk_16_BUFG               | script_mem_module/mem[38][7]_i_1_n_0  |                                   |                4 |              8 |
|  uart_clk_16_BUFG               | script_mem_module/mem[33][7]_i_1_n_0  |                                   |                4 |              8 |
|  uart_clk_16_BUFG               | script_mem_module/mem[52][7]_i_1_n_0  |                                   |                5 |              8 |
|  uart_clk_16_BUFG               | script_mem_module/mem[54][7]_i_1_n_0  |                                   |                5 |              8 |
|  uart_clk_16_BUFG               | script_mem_module/mem[55][7]_i_1_n_0  |                                   |                5 |              8 |
|  uart_clk_16_BUFG               | script_mem_module/mem[48][7]_i_1_n_0  |                                   |                5 |              8 |
|  uart_clk_16_BUFG               | script_mem_module/mem[51][7]_i_1_n_0  |                                   |                6 |              8 |
|  uart_clk_16_BUFG               | script_mem_module/mem[247][7]_i_1_n_0 |                                   |                4 |              8 |
|  uart_clk_16_BUFG               | script_mem_module/mem[3][7]_i_1_n_0   |                                   |                1 |              8 |
|  uart_clk_16_BUFG               | script_mem_module/mem[41][7]_i_1_n_0  |                                   |                5 |              8 |
|  uart_clk_16_BUFG               | script_mem_module/mem[250][7]_i_1_n_0 |                                   |                3 |              8 |
|  uart_clk_16_BUFG               | script_mem_module/mem[26][7]_i_1_n_0  |                                   |                3 |              8 |
|  uart_clk_16_BUFG               | script_mem_module/mem[2][7]_i_1_n_0   |                                   |                5 |              8 |
|  uart_clk_16_BUFG               | script_mem_module/mem[32][7]_i_1_n_0  |                                   |                2 |              8 |
|  uart_clk_16_BUFG               | script_mem_module/mem[24][7]_i_1_n_0  |                                   |                3 |              8 |
|  uart_clk_16_BUFG               | script_mem_module/mem[255][7]_i_1_n_0 |                                   |                2 |              8 |
|  uart_clk_16_BUFG               | script_mem_module/mem[25][7]_i_1_n_0  |                                   |                4 |              8 |
|  uart_clk_16_BUFG               | script_mem_module/mem[248][7]_i_1_n_0 |                                   |                1 |              8 |
|  uart_clk_16_BUFG               | script_mem_module/mem[249][7]_i_1_n_0 |                                   |                2 |              8 |
|  uart_clk_16_BUFG               | script_mem_module/mem[43][7]_i_1_n_0  |                                   |                4 |              8 |
|  uart_clk_16_BUFG               | script_mem_module/mem[44][7]_i_1_n_0  |                                   |                4 |              8 |
|  uart_clk_16_BUFG               | script_mem_module/mem[42][7]_i_1_n_0  |                                   |                3 |              8 |
|  uart_clk_16_BUFG               | script_mem_module/mem[46][7]_i_1_n_0  |                                   |                3 |              8 |
|  uart_clk_16_BUFG               | script_mem_module/mem[47][7]_i_1_n_0  |                                   |                6 |              8 |
|  uart_clk_16_BUFG               | script_mem_module/mem[246][7]_i_1_n_0 |                                   |                3 |              8 |
|  uart_clk_16_BUFG               | script_mem_module/mem[31][7]_i_1_n_0  |                                   |                4 |              8 |
|  uart_clk_16_BUFG               | script_mem_module/mem[29][7]_i_1_n_0  |                                   |                4 |              8 |
|  uart_clk_16_BUFG               | script_mem_module/mem[34][7]_i_1_n_0  |                                   |                5 |              8 |
|  uart_clk_16_BUFG               | script_mem_module/mem[39][7]_i_1_n_0  |                                   |                3 |              8 |
|  uart_clk_16_BUFG               | script_mem_module/mem[27][7]_i_1_n_0  |                                   |                3 |              8 |
|  uart_clk_16_BUFG               | script_mem_module/mem[4][7]_i_1_n_0   |                                   |                1 |              8 |
|  uart_clk_16_BUFG               | script_mem_module/mem[50][7]_i_1_n_0  |                                   |                5 |              8 |
|  uart_clk_16_BUFG               | script_mem_module/mem[53][7]_i_1_n_0  |                                   |                3 |              8 |
|  uart_clk_16_BUFG               | script_mem_module/mem[35][7]_i_1_n_0  |                                   |                3 |              8 |
|  uart_clk_16_BUFG               | script_mem_module/mem[36][7]_i_1_n_0  |                                   |                6 |              8 |
|  uart_clk_16_BUFG               | script_mem_module/mem[244][7]_i_1_n_0 |                                   |                3 |              8 |
|  uart_clk_16_BUFG               | script_mem_module/mem[253][7]_i_1_n_0 |                                   |                4 |              8 |
|  uart_clk_16_BUFG               | script_mem_module/mem[37][7]_i_1_n_0  |                                   |                4 |              8 |
|  uart_clk_16_BUFG               | script_mem_module/mem[56][7]_i_1_n_0  |                                   |                4 |              8 |
|  uart_clk_16_BUFG               | script_mem_module/mem[28][7]_i_1_n_0  |                                   |                4 |              8 |
|  uart_clk_16_BUFG               | script_mem_module/mem[49][7]_i_1_n_0  |                                   |                6 |              8 |
|  uart_clk_16_BUFG               | script_mem_module/mem[252][7]_i_1_n_0 |                                   |                1 |              8 |
|  uart_clk_16_BUFG               | script_mem_module/mem[30][7]_i_1_n_0  |                                   |                2 |              8 |
|  uart_clk_16_BUFG               | script_mem_module/mem[245][7]_i_1_n_0 |                                   |                8 |              8 |
|  uart_clk_16_BUFG               | script_mem_module/mem[45][7]_i_1_n_0  |                                   |                4 |              8 |
|  uart_clk_16_BUFG               | script_mem_module/mem[40][7]_i_1_n_0  |                                   |                3 |              8 |
|  uart_clk_16_BUFG               | script_mem_module/mem[254][7]_i_1_n_0 |                                   |                3 |              8 |
|  uart_clk_16_BUFG               | script_mem_module/mem[57][7]_i_1_n_0  |                                   |                8 |              8 |
|  uart_clk_16_BUFG               | script_mem_module/mem[251][7]_i_1_n_0 |                                   |                2 |              8 |
|  uart_clk_16_BUFG               | script_mem_module/mem[77][7]_i_1_n_0  |                                   |                2 |              8 |
|  uart_clk_16_BUFG               | script_mem_module/mem[84][7]_i_1_n_0  |                                   |                1 |              8 |
|  uart_clk_16_BUFG               | script_mem_module/mem[58][7]_i_1_n_0  |                                   |                6 |              8 |
|  uart_clk_16_BUFG               | script_mem_module/mem[7][7]_i_1_n_0   |                                   |                1 |              8 |
|  uart_clk_16_BUFG               | script_mem_module/mem[86][7]_i_1_n_0  |                                   |                2 |              8 |
|  uart_clk_16_BUFG               | script_mem_module/mem[71][7]_i_1_n_0  |                                   |                2 |              8 |
|  uart_clk_16_BUFG               | script_mem_module/mem[74][7]_i_1_n_0  |                                   |                2 |              8 |
|  uart_clk_16_BUFG               | script_mem_module/mem[89][7]_i_1_n_0  |                                   |                1 |              8 |
|  uart_clk_16_BUFG               | script_mem_module/mem[8][7]_i_1_n_0   |                                   |                1 |              8 |
|  uart_clk_16_BUFG               | script_mem_module/mem[80][7]_i_1_n_0  |                                   |                8 |              8 |
|  uart_clk_16_BUFG               | script_mem_module/mem[87][7]_i_1_n_0  |                                   |                3 |              8 |
|  uart_clk_16_BUFG               | script_mem_module/mem[91][7]_i_1_n_0  |                                   |                1 |              8 |
|  uart_clk_16_BUFG               | script_mem_module/mem[96][7]_i_1_n_0  |                                   |                8 |              8 |
|  uart_clk_16_BUFG               | script_mem_module/mem[67][7]_i_1_n_0  |                                   |                4 |              8 |
|  uart_clk_16_BUFG               | script_mem_module/mem[75][7]_i_1_n_0  |                                   |                3 |              8 |
|  uart_clk_16_BUFG               | script_mem_module/mem[78][7]_i_1_n_0  |                                   |                5 |              8 |
|  uart_clk_16_BUFG               | script_mem_module/mem[79][7]_i_1_n_0  |                                   |                2 |              8 |
|  uart_clk_16_BUFG               | script_mem_module/mem[83][7]_i_1_n_0  |                                   |                1 |              8 |
|  uart_clk_16_BUFG               | script_mem_module/mem[65][7]_i_1_n_0  |                                   |                2 |              8 |
|  uart_clk_16_BUFG               | script_mem_module/mem[61][7]_i_1_n_0  |                                   |                4 |              8 |
|  uart_clk_16_BUFG               | script_mem_module/mem[73][7]_i_1_n_0  |                                   |                4 |              8 |
|  uart_clk_16_BUFG               | script_mem_module/mem[62][7]_i_1_n_0  |                                   |                4 |              8 |
|  uart_clk_16_BUFG               | script_mem_module/mem[85][7]_i_1_n_0  |                                   |                2 |              8 |
|  uart_clk_16_BUFG               | script_mem_module/mem[60][7]_i_1_n_0  |                                   |                7 |              8 |
|  uart_clk_16_BUFG               | script_mem_module/mem[69][7]_i_1_n_0  |                                   |                2 |              8 |
|  uart_clk_16_BUFG               | script_mem_module/mem[59][7]_i_1_n_0  |                                   |                7 |              8 |
|  uart_clk_16_BUFG               | script_mem_module/mem[70][7]_i_1_n_0  |                                   |                4 |              8 |
|  uart_clk_16_BUFG               | script_mem_module/mem[63][7]_i_1_n_0  |                                   |                4 |              8 |
|  uart_clk_16_BUFG               | script_mem_module/mem[5][7]_i_1_n_0   |                                   |                2 |              8 |
|  uart_clk_16_BUFG               | script_mem_module/mem[81][7]_i_1_n_0  |                                   |                1 |              8 |
|  uart_clk_16_BUFG               | script_mem_module/mem[90][7]_i_1_n_0  |                                   |                1 |              8 |
|  uart_clk_16_BUFG               | script_mem_module/mem[76][7]_i_1_n_0  |                                   |                2 |              8 |
|  uart_clk_16_BUFG               | script_mem_module/mem[92][7]_i_1_n_0  |                                   |                3 |              8 |
|  uart_clk_16_BUFG               | script_mem_module/mem[95][7]_i_1_n_0  |                                   |                2 |              8 |
|  uart_clk_16_BUFG               | script_mem_module/mem[64][7]_i_1_n_0  |                                   |                4 |              8 |
|  uart_clk_16_BUFG               | script_mem_module/mem[88][7]_i_1_n_0  |                                   |                1 |              8 |
|  uart_clk_16_BUFG               | script_mem_module/mem[93][7]_i_1_n_0  |                                   |                2 |              8 |
|  uart_clk_16_BUFG               | script_mem_module/mem[6][7]_i_1_n_0   |                                   |                1 |              8 |
|  uart_clk_16_BUFG               | script_mem_module/mem[82][7]_i_1_n_0  |                                   |                1 |              8 |
|  uart_clk_16_BUFG               | script_mem_module/mem[94][7]_i_1_n_0  |                                   |                2 |              8 |
|  uart_clk_16_BUFG               | script_mem_module/mem[97][7]_i_1_n_0  |                                   |                2 |              8 |
|  uart_clk_16_BUFG               | script_mem_module/mem[66][7]_i_1_n_0  |                                   |                3 |              8 |
|  uart_clk_16_BUFG               | script_mem_module/mem[98][7]_i_1_n_0  |                                   |                2 |              8 |
|  uart_clk_16_BUFG               | script_mem_module/mem[68][7]_i_1_n_0  |                                   |                2 |              8 |
|  uart_clk_16_BUFG               | script_mem_module/mem[72][7]_i_1_n_0  |                                   |                2 |              8 |
|  sd/data_send_reg[7]_i_2_n_0    |                                       |                                   |                3 |              9 |
|  clk_IBUF_BUFG                  |                                       | dc/uart_clk_cnt[9]_i_1_n_0        |                3 |             10 |
|  uart_clk_16_BUFG               | AS/delay/delay_flag                   |                                   |                3 |             12 |
|  uart_clk_16_BUFG               | uart_module/tx/state[3]_i_1_n_0       |                                   |                2 |             12 |
|  uart_clk_16_BUFG               | AS/act/cnt[0]_i_1__0_n_0              | AS/db_step/next_step              |                4 |             16 |
|  btn_output_reg_i_2_n_0         |                                       | AS/db_rst/counter[0]_i_1__0_n_0   |                5 |             20 |
|  btn_output_reg_i_2_n_0         |                                       | AS/db_step/counter[0]_i_1_n_0     |                5 |             20 |
|  uart_clk_16_BUFG               |                                       | tom/clear                         |                6 |             21 |
|  uart_clk_16_BUFG               |                                       | AS/db_rst/pc0                     |                8 |             31 |
|  uart_clk_16_BUFG               |                                       | ttm/prev_select_switch[4]_i_1_n_0 |                8 |             31 |
|  clk_IBUF_BUFG                  |                                       | dc/millisecond_clk_cnt[0]_i_1_n_0 |                8 |             32 |
|  uart_clk_16_BUFG               |                                       |                                   |               31 |             79 |
+---------------------------------+---------------------------------------+-----------------------------------+------------------+----------------+


+--------+-----------------------+
| Fanout | Number of ControlSets |
+--------+-----------------------+
| 1      |                     5 |
| 2      |                     1 |
| 3      |                     1 |
| 4      |                     3 |
| 5      |                     8 |
| 6      |                     2 |
| 7      |                     1 |
| 8      |                   263 |
| 9      |                     1 |
| 10     |                     1 |
| 12     |                     2 |
| 16+    |                     8 |
+--------+-----------------------+


